stm32f4xx_it.c:49:9:getOrder	4	static
stm32f4xx_it.c:52:9:getState	4	static
stm32f4xx_it.c:55:10:getDelay	4	static
stm32f4xx_it.c:82:6:NMI_Handler	4	static
stm32f4xx_it.c:94:6:HardFault_Handler	4	static
stm32f4xx_it.c:109:6:MemManage_Handler	4	static
stm32f4xx_it.c:124:6:BusFault_Handler	4	static
stm32f4xx_it.c:139:6:UsageFault_Handler	4	static
stm32f4xx_it.c:154:6:SVC_Handler	4	static
stm32f4xx_it.c:167:6:DebugMon_Handler	4	static
stm32f4xx_it.c:180:6:PendSV_Handler	4	static
stm32f4xx_it.c:193:6:SysTick_Handler	8	static
stm32f4xx_it.c:214:6:EXTI9_5_IRQHandler	8	static
stm32f4xx_it.c:241:6:EXTI15_10_IRQHandler	8	static
