main.c:86:5:_write	24	static
main.c:118:6:CE	16	static
main.c:122:6:WriteStatusRegister	16	static
main.c:133:6:WriteEnable	8	static
main.c:139:6:WriteDisable	8	static
main.c:145:6:EraseMem	8	static
main.c:159:6:AAIEnable	8	static
main.c:169:6:AAIDisable	8	static
main.c:175:9:ReadStatusRegister	24	static
main.c:184:9:AddressByte	24	static
main.c:204:6:WaitForBuisyBit	8	static
main.c:210:6:WriteStringAAI	40	static
main.c:234:6:WriteTimeCapsule	120	static
main.c:247:6:ReadTimeCapsule	120	static
main.c:272:5:main	16	static
main.c:342:6:SystemClock_Config	88	static
main.c:382:13:MX_SPI1_Init	8	static
main.c:420:13:MX_USART3_UART_Init	8	static
main.c:453:13:MX_GPIO_Init	40	static
main.c:482:6:Error_Handler	4	static,ignoring_inline_asm
