stm32f4xx_it.c:49:9:getCycle	4	static
stm32f4xx_it.c:53:9:getPinNum	4	static
stm32f4xx_it.c:57:8:getFreq	4	static
stm32f4xx_it.c:84:6:NMI_Handler	4	static
stm32f4xx_it.c:99:6:HardFault_Handler	4	static
stm32f4xx_it.c:114:6:MemManage_Handler	4	static
stm32f4xx_it.c:129:6:BusFault_Handler	4	static
stm32f4xx_it.c:144:6:UsageFault_Handler	4	static
stm32f4xx_it.c:159:6:SVC_Handler	4	static
stm32f4xx_it.c:172:6:DebugMon_Handler	4	static
stm32f4xx_it.c:185:6:PendSV_Handler	4	static
stm32f4xx_it.c:198:6:SysTick_Handler	8	static
stm32f4xx_it.c:219:6:EXTI9_5_IRQHandler	8	static
stm32f4xx_it.c:243:6:EXTI15_10_IRQHandler	8	static
