stm32f4xx_it.c:49:9:getCycle	4	static
stm32f4xx_it.c:53:9:getPinNum	4	static
stm32f4xx_it.c:57:8:getFreq	8	static
stm32f4xx_it.c:84:6:NMI_Handler	8	static
stm32f4xx_it.c:98:6:HardFault_Handler	4	static
stm32f4xx_it.c:113:6:MemManage_Handler	4	static
stm32f4xx_it.c:128:6:BusFault_Handler	4	static
stm32f4xx_it.c:143:6:UsageFault_Handler	4	static
stm32f4xx_it.c:158:6:SVC_Handler	4	static
stm32f4xx_it.c:171:6:DebugMon_Handler	4	static
stm32f4xx_it.c:184:6:PendSV_Handler	4	static
stm32f4xx_it.c:197:6:SysTick_Handler	8	static
stm32f4xx_it.c:218:6:EXTI9_5_IRQHandler	16	static
stm32f4xx_it.c:244:6:EXTI15_10_IRQHandler	16	static
